configure: Configuration created at Tue Feb  3 12:23:08 WET 2026.
checking for basename... /usr/bin/basename
checking for dirname... /usr/bin/dirname
checking for file... /usr/bin/file
checking for ldd... /usr/bin/ldd
checking for bash... /usr/bin/bash
checking for cat... /usr/bin/cat
checking for chmod... /usr/bin/chmod
checking for cp... /usr/bin/cp
checking for cut... /usr/bin/cut
checking for date... /usr/bin/date
checking for gdiff... [not found]
checking for diff... /usr/bin/diff
checking for echo... echo [builtin]
checking for expr... /usr/bin/expr
checking for find... /usr/bin/find
checking for gunzip... /usr/bin/gunzip
checking for pigz... /usr/bin/pigz
checking for head... /usr/bin/head
checking for ln... /usr/bin/ln
checking for ls... /usr/bin/ls
checking for gmkdir... [not found]
checking for mkdir... /usr/bin/mkdir
checking for mktemp... /usr/bin/mktemp
checking for mv... /usr/bin/mv
checking for gawk... /usr/bin/gawk
checking for printf... printf [builtin]
checking for rm... /usr/bin/rm
checking for rmdir... /usr/bin/rmdir
checking for sh... /usr/bin/sh
checking for sort... /usr/bin/sort
checking for tail... /usr/bin/tail
checking for gtar... /usr/bin/gtar
checking for tee... /usr/bin/tee
checking for touch... /usr/bin/touch
checking for tr... /usr/bin/tr
checking for uname... /usr/bin/uname
checking for wc... /usr/bin/wc
checking for xargs... /usr/bin/xargs
checking for grep that handles long lines and -e... /usr/bin/grep
checking for egrep... /usr/bin/grep -E
checking for fgrep... /usr/bin/grep -F
checking for a sed that does not truncate output... /usr/bin/sed
checking for df... /usr/bin/df
checking for git... /usr/bin/git
checking for nice... /usr/bin/nice
checking for greadlink... [not found]
checking for readlink... /usr/bin/readlink
checking for cygpath... [not found]
checking for wslpath... [not found]
checking for lsb_release... [not found]
checking for cmd.exe... [not found]
checking for cmp... /usr/bin/cmp
checking for uniq... /usr/bin/uniq
checking build system type... x86_64-unknown-linux-gnu
checking host system type... x86_64-unknown-linux-gnu
checking target system type... x86_64-unknown-linux-gnu
checking openjdk-build os-cpu... linux-x86_64
checking openjdk-build C library... gnu
checking openjdk-target os-cpu... linux-x86_64
checking openjdk-target C library... gnu
checking compilation type... native
checking for top-level directory... /home/andreatp/workspace/chicory4/openjdk-bisect
checking if custom source is suppressed (openjdk-only)... disabled, default
checking for --enable-debug... disabled, default
checking which debug level to use... release
checking which variants of the JVM to build... server
checking if absolute paths should be allowed in the build output... no, release build
checking for sysroot... 
checking for toolchain path... 
checking for extra path... 
checking where to store configuration... in default location
checking what configuration name to use... linux-x86_64-server-release
checking for zypper... [not found]
checking for apt-get... [not found]
checking for yum... /usr/bin/yum
checking for pandoc... /usr/bin/pandoc
checking if the pandoc smart extension needs to be disabled for markdown... /usr/bin/grep: warning: stray \ before +
yes
checking for gmake... /usr/bin/gmake
configure: Testing potential make at /usr/bin/gmake, found using gmake in PATH
configure: Using GNU make at /usr/bin/gmake (version: GNU Make 4.4.1)
checking if make --output-sync is supported... yes
checking for output-sync value... none
checking if find supports -delete... yes
checking what type of tar was found... gnu
checking that grep (/usr/bin/grep) -Fx handles empty lines in the pattern list correctly... yes
checking for unzip... /usr/bin/unzip
checking for zip... /usr/bin/zip
checking for greadelf... [not found]
checking for readelf... /usr/bin/readelf
checking for dot... [not found]
checking for hg... /usr/bin/hg
checking for stat... /usr/bin/stat
checking for time... time [builtin]
checking for flock... /usr/bin/flock
checking for dtrace... [not found]
checking for gpatch... [not found]
checking for patch... /usr/bin/patch
checking if date is a GNU compatible version... yes
checking for ulimit... ulimit [builtin]
checking bash version... 5.2.37
checking if bash supports pipefail... yes
checking if bash supports errexit (-e)... yes
checking for pkg-config... /usr/bin/pkg-config
checking pkg-config is at least version 0.9.0... yes
checking for default LOG value... 
checking if packaged modules are kept... enabled, default
checking for version string... 19-internal-adhoc.andreatp.openjdk-bisect
configure: Found potential Boot JDK using configure arguments
checking for Boot JDK... /home/andreatp/.sdkman/candidates/java/18.0.1-tem
checking Boot JDK version... openjdk version "18.0.1" 2022-04-19 OpenJDK Runtime Environment Temurin-18.0.1+10 (build 18.0.1+10) OpenJDK 64-Bit Server VM Temurin-18.0.1+10 (build 18.0.1+10, mixed mode, sharing)
checking for java [Boot JDK]... $BOOT_JDK/bin/java
checking for javac [Boot JDK]... $BOOT_JDK/bin/javac
checking for javadoc [Boot JDK]... $BOOT_JDK/bin/javadoc
checking for jar [Boot JDK]... $BOOT_JDK/bin/jar
/usr/bin/grep: warning: stray \ before -
checking if Boot JDK jar supports --date=TIMESTAMP... false
checking if Boot JDK is 32 or 64 bits... 64
checking for local Boot JDK Class Data Sharing (CDS)... 